[gold-lots-856470.framer.app/index.html]
[backblue.gif]
[fade.gif]
[index.html]
[framerusercontent.com/sites/icons/default-favicon-light.v1.png]
[framerusercontent.com/sites/icons/default-favicon-dark.v1.png]
[framerusercontent.com/sites/icons/default-touch-icon.v3.png]
[gold-lots-856470.framer.app/about-us.html]
[gold-lots-856470.framer.app/blog.html]
[gold-lots-856470.framer.app/contact-us.html]
[framerusercontent.com/images/mQQvrq8NMRY7rWMxsKhWbEmR8dM.png]
[framerusercontent.com/images/hrhQ5vHOEaOzdKWVZoBXgfZzvv0.png]
[framerusercontent.com/images/TnJyQlSTxUuWAUUwGnecriw03Bg.png]
[framerusercontent.com/images/QCoTSMtHpimr9lp2CmaQOtriXU.png]
[framerusercontent.com/images/8pjYdTm9Om62CflNUsF8dHqkrlQ.png]
[framerusercontent.com/images/LqURARtPkDasnz8xNZRw6V7LVc.png]
[framerusercontent.com/images/ZiSz1ONCwWlZSSTVgpW4sZm1hI.png]
[framerusercontent.com/images/H2mFADPlDeJZEZVhsqozg6Yc0.png]
[framerusercontent.com/images/JrDw3jtgKjcQOYfgKW5tggM5U.png]
[framerusercontent.com/images/xi1UY2Vgw6DC8jegvqw9EfQio.png]
[framerusercontent.com/images/jkmyDBHwY4QKHAcbt9zzaXIFQA.png]
[framerusercontent.com/images/2AmDHmcEtUuynT8pV9nsBLAMYeU.png]
[framerusercontent.com/images/ZRkgdTk7bfC1Hb0kDHPt7vPLqOkbf23.png]
[framerusercontent.com/images/LBvpiw960P7eEQsfPGn4gM6p5sbf23.png]
[framerusercontent.com/images/hhJrVbRqcHPwU6qm1bxtCr1NuXY9ae5.png]
[framerusercontent.com/images/EL4yThdzsxP7vQqRvu9qxol0bjA.png]
[framerusercontent.com/images/i6uKTIBELHVGJq1QWiJqLSVgy1Q.png]
[framerusercontent.com/images/C1L73jv5kSygRY7CLsvDz5CD8.png]
[framerusercontent.com/images/6SCzegXOUU039IxoWekc8Npd0A.png]
[framerusercontent.com/images/62A7xQmdViJaqb0zdQf0alCGBgE.png]
[framerusercontent.com/images/DfZVAWUharKP1TLVdrdGLWV1Y.png]
[framerusercontent.com/images/1Qo2J0STBFnLSCmgXzgjSyQTF4.png]
[framerusercontent.com/images/BmR2bK2QlcPCdG2Y7zi5uwQweIo.png]
[framerusercontent.com/images/A1Yi2CbcmDfGLrAKZpFKVI8A4.jpg]
[framerusercontent.com/images/0cLxYA4WrWZauEbVxzvhnZnEeMAbf23.jpg]
[framerusercontent.com/images/CjTKhc1hqRGghfDwFauIOmxorlk.jpg]
[framerusercontent.com/images/BkUA7IDTw1F9XeejipAbrAOqMU.png]
[framerusercontent.com/images/jzrHysSekMuteP7XfXiBXwbPvBI.png]
[framerusercontent.com/images/MtoElK2exgWNp9dzR0JkQYBjEbf23.png]
[framerusercontent.com/images/JeJN77ttZoOUDbe5pEfbUU9Vsi0.png]
[framerusercontent.com/images/YLe9Kg9K38qGqirQAuXQXBV6Xs.png]
[framerusercontent.com/images/yttWCBVmkuYjgs1AdJTHGUhN1Ho9ae5.png]
[framerusercontent.com/images/gz8DYuXQJkafhmkIKWE5O78LIW4.png]
[framerusercontent.com/images/KSrnaluwROLXwx2D1UTBl9R0.png]
[framerusercontent.com/images/B37muhzdGV2HvdHQiQNYNUrqU.png]
[framerusercontent.com/images/kmAvjr5zErm9krQKCtONNEZmxI4.png]
[gold-lots-856470.framer.app/support/privacy-policy.html]
[gold-lots-856470.framer.app/index.html]
[gold-lots-856470.framer.app/support/refund-policy.html]
[framerusercontent.com/images/rYtirwccU4e7Jn2v7jhncPKF668.png]
[framerusercontent.com/images/w7mvBMur7SwicQrVQAWzF5enAl8.png]
[framerusercontent.com/images/64IsefqJykeOf5kk2ETV1gkGQ.jpg]
[framerusercontent.com/images/g6miVJN8rT1ZehSYPVkuGNXTckbf23.png]
[framerusercontent.com/images/Nwpxc7wyCpWIf8SpIOerBWlWAuE.png]
[framerusercontent.com/images/tPwLBM9InE21A02iH6qGPQahPM.png]
[framerusercontent.com/images/uN6mczPo2gabHReMmO5cKBhbU.png]
[framerusercontent.com/images/9OKIxSJtIAIqoJ34K8XsrZTbKs.png]
[framerusercontent.com/images/NSDeulniGqV0nsLyk9I88UaCMA.png]
[framerusercontent.com/images/Cgo78Yi2ZzQ3JfFQbErHQ8hH7Uc.png]
[framerusercontent.com/images/dNbhdQBOx4OhHvAFb6UW99xBRQU.png]
[gold-lots-856470.framer.app/about-us.html]
[framerusercontent.com/images/XYhhdydDWNLISWdBY9PbjRcsjU.png]
[gold-lots-856470.framer.app/blog/conquering-consistency-how-to-make-exercise-a-habit-you-love.html]
[framerusercontent.com/images/HH8KrojyxZx6X20z1r13CSwiiWE.jpg]
[framerusercontent.com/images/M5XUWRiN6b0DnOOtZSIYrDN5TQ.jpg]
[gold-lots-856470.framer.app/blog/weight-loss-a-sustainable-approach-for-a-healthier-you.html]
[framerusercontent.com/images/5P0eN6qtSxQg8Lrk6rw2GR9e7eI.jpg]
[framerusercontent.com/images/1truMc5QP39C9H84qQJEuMaH3M.jpg]
[gold-lots-856470.framer.app/blog/fuel-your-fitness-a-guide-to-nutrition-for-peak-performance.html]
[framerusercontent.com/images/G1bC6MQnKLl8c7ZyjwpJlVGuw.jpg]
[framerusercontent.com/images/AwxeZHpMMezuJ65PAsOHYslnNg.jpg]
[gold-lots-856470.framer.app/blog/ignite-your-fitness-journey-exercise-essentials-for-everyone.html]
[gold-lots-856470.framer.app/blog/fuel-your-fitness-power-up-your-performance-with-nutrition.html]
[framerusercontent.com/images/GNv045KLQUmm54874W7zwDbBFk.jpg]
[gold-lots-856470.framer.app/blog/shedding-pounds-gaining-confidence-practical-weight-loss-strategies-for-lasting-results.html]
[framerusercontent.com/images/7PJVGnY09RfKBhhKU3JYZnlkuU.png]
[gold-lots-856470.framer.app/blog/build-a-sustainable-fitness-routine-you-ll-actually-enjoy.html]
[framerusercontent.com/images/W1L5fI4RpqurtydbmGY5crv0ItM.jpg]
[gold-lots-856470.framer.app/blog/fuel-your-fitness-journey-a-guide-to-nutrition-for-all-fitness-goals.html]
[framerusercontent.com/images/6w5911MbruGlBZfNprvqg9AvlHc.png]
[gold-lots-856470.framer.app/blog.html]
[framerusercontent.com/images/LsEJrnNgbBAk08pLHwNcDRF4oLo.jpg]
[framerusercontent.com/images/LMf0H8b1MNKO0RwpkoYqfCtUaOg.jpg]
[framerusercontent.com/images/LCCMMGLq0ltGKumFa9u0MHb5o.jpg]
[framerusercontent.com/images/PGAbUTA6vfEEZzEnxTdQDESoOU.png]
[framerusercontent.com/images/DOzktr1SJvtZ2JWlN1robGanA.jpg]
[framerusercontent.com/images/HJRDzDi84uefoHHZYsokhFiak.png]
[gold-lots-856470.framer.app/contact-us.html]
[gold-lots-856470.framer.app/support/privacy-policy.html]
[framerusercontent.com/images/1sh79MINUSAwLetWnCEDJw2Ukk.jpg]
[gold-lots-856470.framer.app/support/refund-policy.html]
[gold-lots-856470.framer.app/blog/office-oasis-exercise-hacks-for-the-busy-professional.html]
[framerusercontent.com/images/QJslvazOYc6m0d8VyUqY7x9XOk.jpg]
[gold-lots-856470.framer.app/blog/conquering-consistency-how-to-make-exercise-a-habit-you-love.html]
[gold-lots-856470.framer.app/blog/shedding-pounds-gaining-life-sustainable-weight-loss-strategies.html]
[framerusercontent.com/images/AWGGTz05YKb4zX1Jz2si5MMlXtk.jpg]
[gold-lots-856470.framer.app/blog/shedding-pounds-not-sweat-sustainable-weight-loss-strategies-for-fitness-enthusiasts.html]
[framerusercontent.com/images/pYNy4cyAldf4iRMS5HCT3byAg.jpg]
[gold-lots-856470.framer.app/blog/weight-loss-a-sustainable-approach-for-a-healthier-you.html]
[gold-lots-856470.framer.app/blog/debunking-diet-myths-separating-fact-from-fad-in-fitness-nutrition.html]
[framerusercontent.com/images/MAJJrABVBuK6L57DH8MnuIinLZ0.jpg]
[gold-lots-856470.framer.app/blog/fuel-your-fitness-a-guide-to-nutrition-for-peak-performance.html]
[gold-lots-856470.framer.app/blog/ignite-your-fitness-journey-exercise-essentials-for-everyone.html]
[gold-lots-856470.framer.app/blog/fuel-your-fitness-power-up-your-performance-with-nutrition.html]
[gold-lots-856470.framer.app/blog/shedding-pounds-gaining-confidence-practical-weight-loss-strategies-for-lasting-results.html]
[gold-lots-856470.framer.app/blog/build-a-sustainable-fitness-routine-you-ll-actually-enjoy.html]
[gold-lots-856470.framer.app/blog/fuel-your-fitness-journey-a-guide-to-nutrition-for-all-fitness-goals.html]
[gold-lots-856470.framer.app/blog/office-oasis-exercise-hacks-for-the-busy-professional.html]
[gold-lots-856470.framer.app/blog/shedding-pounds-gaining-life-sustainable-weight-loss-strategies.html]
[gold-lots-856470.framer.app/blog/shedding-pounds-not-sweat-sustainable-weight-loss-strategies-for-fitness-enthusiasts.html]
[gold-lots-856470.framer.app/blog/debunking-diet-myths-separating-fact-from-fad-in-fitness-nutrition.html]
